base referer
rect $classOgre_1_1PagingLandScapeTexture__BaseTexture.html 348,6 668,30
rect $classOgre_1_1PagingLandScapeTexture__BaseTexture2.html 343,54 673,78
rect $classOgre_1_1PagingLandScapeTexture__Image.html 368,102 648,126
rect $classOgre_1_1PagingLandScapeTexture__InstantBaseTexture.html 324,150 692,174
rect $classOgre_1_1PagingLandScapeTexture__InstantBaseTextureEdit.html 311,198 705,222
rect $classOgre_1_1PagingLandScapeTexture__InstantBaseTextureShadowed.html 289,246 727,270
rect $classOgre_1_1PagingLandScapeTexture__None.html 371,294 645,318
rect $classOgre_1_1PagingLandScapeTexture__Splatting.html 359,342 657,366
rect $classOgre_1_1PagingLandScapeTexture__Splatting2.html 353,390 663,414
rect $classOgre_1_1PagingLandScapeTexture__Splatting2Edit.html 341,438 675,462
rect $classOgre_1_1PagingLandScapeTexture__Splatting3.html 353,486 663,510
rect $classOgre_1_1PagingLandScapeTexture__Splatting4.html 353,534 663,558
rect $classOgre_1_1PagingLandScapeTexture__Splatting5.html 353,582 663,606
rect $classOgre_1_1PagingLandScapeTexture__Splatting6.html 353,630 663,654
rect $classOgre_1_1PagingLandScapeTexture__Splatting7.html 353,678 663,702
rect $classOgre_1_1PagingLandScapeTexture__Splatting7Edit.html 341,726 675,750
rect $classOgre_1_1PagingLandScapeTexture__SplattingShader.html 335,774 681,798
rect $classOgre_1_1PagingLandScapeTexture__SplattingShaderEdit.html 321,822 695,846
