base referer
rect $OgrePagingLandScapeData2D__HeightField_8cpp-source.html 333,15 803,39
rect $OgrePagingLandScapeData2D__HeightFieldBlendNeighbor_8cpp-source.html 284,63 852,87
rect $OgrePagingLandScapeData2D__HeightFieldN_8cpp-source.html 328,111 808,135
rect $OgrePagingLandScapeData2D__HeightFieldNTC_8cpp-source.html 320,159 816,183
rect $OgrePagingLandScapeData2D__HeightFieldRaw_8cpp-source.html 320,207 816,231
rect $OgrePagingLandScapeData2D__HeightFieldRawTC_8cpp-source.html 311,255 825,279
rect $OgrePagingLandScapeData2D__HeightFieldTC_8cpp-source.html 325,303 811,327
rect $OgrePagingLandScapeOptions_8cpp-source.html 375,351 761,375
rect $OgrePagingLandScapeTexture_8cpp-source.html 376,399 760,423
rect $OgrePagingLandScapeTexture__InstantBaseTexture_8cpp-source.html 308,447 828,471
rect $OgrePagingLandScapeTexture__InstantBaseTextureEdit_8cpp-source.html 295,495 841,519
rect $OgrePagingLandScapeTexture__InstantBaseTextureShadowed_8cpp-source.html 272,543 864,567
rect $OgrePagingLandScapeTexture__Splatting2Edit_8cpp-source.html 324,591 812,615
rect $OgrePagingLandScapeTexture__Splatting7Edit_8cpp-source.html 324,639 812,663
rect $OgrePagingLandScapeTexture__SplattingShaderEdit_8cpp-source.html 305,687 831,711
