base referer
rect $classRainbruRPG_1_1Network_1_1Ident_1_1CurlInterface.html 6,150 312,174
rect $classRainbruRPG_1_1Network_1_1Ident_1_1CurlGetFile.html 379,78 672,102
rect $classRainbruRPG_1_1Network_1_1Ident_1_1CurlSubmitForm.html 362,222 690,246
rect $classRainbruRPG_1_1Network_1_1Ident_1_1CurlFileToXml.html 786,6 1095,30
rect $classRainbruRPG_1_1Network_1_1Ident_1_1xmlServerList.html 1190,6 1502,30
rect $classRainbruRPG_1_1Network_1_1CurlPersoHeaderAdd.html 783,54 1098,78
rect $classRainbruRPG_1_1Network_1_1CurlPersoModifAttrb.html 786,102 1095,126
rect $classRainbruRPG_1_1Network_1_1Ident_1_1CurlAccountAdd.html 776,150 1104,174
rect $classRainbruRPG_1_1Network_1_1Ident_1_1CurlAccountConfirmMail.html 750,198 1131,222
rect $classRainbruRPG_1_1Network_1_1Ident_1_1CurlAccountDelete.html 768,246 1112,270
rect $classRainbruRPG_1_1Network_1_1Ident_1_1CurlAccountToggleBlacklist.html 740,294 1140,318
rect $classRainbruRPG_1_1Network_1_1Ident_1_1CurlServerAdd.html 782,342 1099,366
rect $classRainbruRPG_1_1Network_1_1Ident_1_1CurlServerDelete.html 774,390 1107,414
rect $classRainbruRPG_1_1Network_1_1Ident_1_1CurlServerModifClients.html 754,438 1127,462
